2025-06-01,4567
2025-06-02,6290
2025-06-03,7100
2025-06-04,7500
2025-06-05,9120
2025-06-06,10234